---
source: tests/test_parser.rs
expression: "parser_output(&format!(\"tests/data/parser{}.plsr\",\n                2)).expect(\"failed to parse input\")"
---
func this() -> () {}
func is() -> () {}
func a() -> () {}
func valid() -> () {}
func program() -> () {}
