---
source: tests/test_parser.rs
expression: "parser_output(&format!(\"tests/data/parser{}.plsr\",\n                10)).expect(\"failed to parse input\")"
---
func member_access() -> (output: Int64) {
    output = (((foo . bar) . baz) + (3 * ((array[3]) . member2)))
}
